<?xml version="1.0" encoding="UTF-8"?>
<TestRun id="0e11a484-6b5e-4d36-b688-e0f021c961ea" name="attfire1@D206-59042 2014-03-15 00:16:03" runUser="OPNET\attfire1" xmlns="http://microsoft.com/schemas/VisualStudio/TeamTest/2010">
  <TestSettings name="Local" id="f279ea62-320e-40c3-b444-a69b5220c512">
    <Description>These are default test settings for a local test run.</Description>
    <Deployment enabled="false" runDeploymentRoot="attfire1_D206-59042 2014-03-15 00_16_03">
      <DeploymentItem filename="C:\Users\attfire1\Desktop\EncryptionToolPractical\EncryptionToolPractical\bin\Debug\EncryptionToolPractical.exe" />
    </Deployment>
    <Execution>
      <TestTypeSpecific />
      <AgentRule name="Execution Agents">
      </AgentRule>
    </Execution>
  </TestSettings>
  <Times creation="2014-03-15T00:16:03.0959694+13:00" queuing="2014-03-15T00:16:03.1249694+13:00" start="2014-03-15T00:16:03.1309694+13:00" finish="2014-03-15T00:16:03.4269694+13:00" />
  <ResultSummary outcome="Completed">
    <Counters total="25" executed="25" passed="25" error="0" failed="0" timeout="0" aborted="0" inconclusive="0" passedButRunAborted="0" notRunnable="0" notExecuted="0" disconnected="0" warning="0" completed="0" inProgress="0" pending="0" />
  </ResultSummary>
  <TestDefinitions>
    <UnitTest name="encryptTestPlainTextSpecialCharactersLowerCase" storage="c:\users\attfire1\desktop\encryptiontoolpractical\encryptiontoolunittests\bin\debug\encryptiontoolunittests.dll" id="5a6fba21-1056-8efe-d8d5-520e35babac1">
      <Execution id="16a212d5-f901-4507-9227-10112503b151" />
      <TestMethod codeBase="C:/Users/attfire1/Desktop/EncryptionToolPractical/EncryptionToolUnitTests/bin/Debug/EncryptionToolUnitTests.DLL" adapterTypeName="Microsoft.VisualStudio.TestTools.TestTypes.Unit.UnitTestAdapter, Microsoft.VisualStudio.QualityTools.Tips.UnitTest.Adapter, Version=10.0.0.0, Culture=neutral, PublicKeyToken=b03f5f7f11d50a3a" className="EncryptionToolUnitTests.PlainTextTest, EncryptionToolUnitTests, Version=1.0.0.0, Culture=neutral, PublicKeyToken=null" name="encryptTestPlainTextSpecialCharactersLowerCase" />
    </UnitTest>
    <UnitTest name="encryptTestPlainTextSpecialCharactersLowerCase" storage="c:\users\attfire1\desktop\encryptiontoolpractical\encryptiontoolunittests\bin\debug\encryptiontoolunittests.dll" id="5fc3fd0f-5253-c062-79f5-0034d1a95608">
      <Execution id="9033dc5d-5e56-477c-b407-8453f7be458c" />
      <TestMethod codeBase="C:/Users/attfire1/Desktop/EncryptionToolPractical/EncryptionToolUnitTests/bin/Debug/EncryptionToolUnitTests.DLL" adapterTypeName="Microsoft.VisualStudio.TestTools.TestTypes.Unit.UnitTestAdapter, Microsoft.VisualStudio.QualityTools.Tips.UnitTest.Adapter, Version=10.0.0.0, Culture=neutral, PublicKeyToken=b03f5f7f11d50a3a" className="EncryptionToolUnitTests.Rot13Test, EncryptionToolUnitTests, Version=1.0.0.0, Culture=neutral, PublicKeyToken=null" name="encryptTestPlainTextSpecialCharactersLowerCase" />
    </UnitTest>
    <UnitTest name="encryptTestPlainTextIntegersUpperCase" storage="c:\users\attfire1\desktop\encryptiontoolpractical\encryptiontoolunittests\bin\debug\encryptiontoolunittests.dll" id="27dec05e-042e-7e25-f482-c5347a0c3977">
      <Execution id="bf858f1e-5c6f-45a9-b604-b14585f289f4" />
      <TestMethod codeBase="C:/Users/attfire1/Desktop/EncryptionToolPractical/EncryptionToolUnitTests/bin/Debug/EncryptionToolUnitTests.DLL" adapterTypeName="Microsoft.VisualStudio.TestTools.TestTypes.Unit.UnitTestAdapter, Microsoft.VisualStudio.QualityTools.Tips.UnitTest.Adapter, Version=10.0.0.0, Culture=neutral, PublicKeyToken=b03f5f7f11d50a3a" className="EncryptionToolUnitTests.Rot13Test, EncryptionToolUnitTests, Version=1.0.0.0, Culture=neutral, PublicKeyToken=null" name="encryptTestPlainTextIntegersUpperCase" />
    </UnitTest>
    <UnitTest name="encryptTestPlainTextSpecialCharactersLowerUpperCase" storage="c:\users\attfire1\desktop\encryptiontoolpractical\encryptiontoolunittests\bin\debug\encryptiontoolunittests.dll" id="ce7ca855-20e5-2b16-4071-5013b82fe03c">
      <Execution id="d4f76b7e-183e-421e-b397-d14509910525" />
      <TestMethod codeBase="C:/Users/attfire1/Desktop/EncryptionToolPractical/EncryptionToolUnitTests/bin/Debug/EncryptionToolUnitTests.DLL" adapterTypeName="Microsoft.VisualStudio.TestTools.TestTypes.Unit.UnitTestAdapter, Microsoft.VisualStudio.QualityTools.Tips.UnitTest.Adapter, Version=10.0.0.0, Culture=neutral, PublicKeyToken=b03f5f7f11d50a3a" className="EncryptionToolUnitTests.PlainTextTest, EncryptionToolUnitTests, Version=1.0.0.0, Culture=neutral, PublicKeyToken=null" name="encryptTestPlainTextSpecialCharactersLowerUpperCase" />
    </UnitTest>
    <UnitTest name="encryptTestPlainTextSpecialCharactersLowerUpperCaseIntegers" storage="c:\users\attfire1\desktop\encryptiontoolpractical\encryptiontoolunittests\bin\debug\encryptiontoolunittests.dll" id="593f6ecc-9f04-0b33-ed2a-590d151e0088">
      <Execution id="262b00f0-3be6-41c1-b2e6-b4306b884c25" />
      <TestMethod codeBase="C:/Users/attfire1/Desktop/EncryptionToolPractical/EncryptionToolUnitTests/bin/Debug/EncryptionToolUnitTests.DLL" adapterTypeName="Microsoft.VisualStudio.TestTools.TestTypes.Unit.UnitTestAdapter, Microsoft.VisualStudio.QualityTools.Tips.UnitTest.Adapter, Version=10.0.0.0, Culture=neutral, PublicKeyToken=b03f5f7f11d50a3a" className="EncryptionToolUnitTests.Rot13Test, EncryptionToolUnitTests, Version=1.0.0.0, Culture=neutral, PublicKeyToken=null" name="encryptTestPlainTextSpecialCharactersLowerUpperCaseIntegers" />
    </UnitTest>
    <UnitTest name="encryptTestPlainTextUpperCaseString" storage="c:\users\attfire1\desktop\encryptiontoolpractical\encryptiontoolunittests\bin\debug\encryptiontoolunittests.dll" id="7c3b75df-94de-bd33-3de0-0bdd2a5c856c">
      <Execution id="056794ce-f3cc-43b6-b4b9-8d7c9158d8d6" />
      <TestMethod codeBase="C:/Users/attfire1/Desktop/EncryptionToolPractical/EncryptionToolUnitTests/bin/Debug/EncryptionToolUnitTests.DLL" adapterTypeName="Microsoft.VisualStudio.TestTools.TestTypes.Unit.UnitTestAdapter, Microsoft.VisualStudio.QualityTools.Tips.UnitTest.Adapter, Version=10.0.0.0, Culture=neutral, PublicKeyToken=b03f5f7f11d50a3a" className="EncryptionToolUnitTests.Rot13Test, EncryptionToolUnitTests, Version=1.0.0.0, Culture=neutral, PublicKeyToken=null" name="encryptTestPlainTextUpperCaseString" />
    </UnitTest>
    <UnitTest name="encryptTestPlainTextIntegersLowerUpperCase" storage="c:\users\attfire1\desktop\encryptiontoolpractical\encryptiontoolunittests\bin\debug\encryptiontoolunittests.dll" id="5e127f86-0394-c1f5-afda-7c85756e5966">
      <Execution id="4670d314-4267-4fed-aeed-80ceaf0262f5" />
      <TestMethod codeBase="C:/Users/attfire1/Desktop/EncryptionToolPractical/EncryptionToolUnitTests/bin/Debug/EncryptionToolUnitTests.DLL" adapterTypeName="Microsoft.VisualStudio.TestTools.TestTypes.Unit.UnitTestAdapter, Microsoft.VisualStudio.QualityTools.Tips.UnitTest.Adapter, Version=10.0.0.0, Culture=neutral, PublicKeyToken=b03f5f7f11d50a3a" className="EncryptionToolUnitTests.Rot13Test, EncryptionToolUnitTests, Version=1.0.0.0, Culture=neutral, PublicKeyToken=null" name="encryptTestPlainTextIntegersLowerUpperCase" />
    </UnitTest>
    <UnitTest name="encryptTestPlainTextSpecialCharacters" storage="c:\users\attfire1\desktop\encryptiontoolpractical\encryptiontoolunittests\bin\debug\encryptiontoolunittests.dll" id="44db58b1-abce-eb9d-a51f-64105f53d62f">
      <Execution id="05b019f9-35b1-4162-b818-d2bc7e950dad" />
      <TestMethod codeBase="C:/Users/attfire1/Desktop/EncryptionToolPractical/EncryptionToolUnitTests/bin/Debug/EncryptionToolUnitTests.DLL" adapterTypeName="Microsoft.VisualStudio.TestTools.TestTypes.Unit.UnitTestAdapter, Microsoft.VisualStudio.QualityTools.Tips.UnitTest.Adapter, Version=10.0.0.0, Culture=neutral, PublicKeyToken=b03f5f7f11d50a3a" className="EncryptionToolUnitTests.PlainTextTest, EncryptionToolUnitTests, Version=1.0.0.0, Culture=neutral, PublicKeyToken=null" name="encryptTestPlainTextSpecialCharacters" />
    </UnitTest>
    <UnitTest name="encryptTestPlainTextSpecialCharactersLowerUpperCase" storage="c:\users\attfire1\desktop\encryptiontoolpractical\encryptiontoolunittests\bin\debug\encryptiontoolunittests.dll" id="c0f724ad-914f-3dad-3c80-a3a39d912dbb">
      <Execution id="d0ed557f-5a56-4f16-8f90-7830995e7599" />
      <TestMethod codeBase="C:/Users/attfire1/Desktop/EncryptionToolPractical/EncryptionToolUnitTests/bin/Debug/EncryptionToolUnitTests.DLL" adapterTypeName="Microsoft.VisualStudio.TestTools.TestTypes.Unit.UnitTestAdapter, Microsoft.VisualStudio.QualityTools.Tips.UnitTest.Adapter, Version=10.0.0.0, Culture=neutral, PublicKeyToken=b03f5f7f11d50a3a" className="EncryptionToolUnitTests.Rot13Test, EncryptionToolUnitTests, Version=1.0.0.0, Culture=neutral, PublicKeyToken=null" name="encryptTestPlainTextSpecialCharactersLowerUpperCase" />
    </UnitTest>
    <UnitTest name="encryptTestPlainTextUpperCaseString" storage="c:\users\attfire1\desktop\encryptiontoolpractical\encryptiontoolunittests\bin\debug\encryptiontoolunittests.dll" id="bd81480d-1ecc-d686-ebfa-6730c83b04ad">
      <Execution id="218b2a0f-4340-4cd0-be07-8e3bbd3e8575" />
      <TestMethod codeBase="C:/Users/attfire1/Desktop/EncryptionToolPractical/EncryptionToolUnitTests/bin/Debug/EncryptionToolUnitTests.DLL" adapterTypeName="Microsoft.VisualStudio.TestTools.TestTypes.Unit.UnitTestAdapter, Microsoft.VisualStudio.QualityTools.Tips.UnitTest.Adapter, Version=10.0.0.0, Culture=neutral, PublicKeyToken=b03f5f7f11d50a3a" className="EncryptionToolUnitTests.PlainTextTest, EncryptionToolUnitTests, Version=1.0.0.0, Culture=neutral, PublicKeyToken=null" name="encryptTestPlainTextUpperCaseString" />
    </UnitTest>
    <UnitTest name="encryptTestPlainTextIntegers" storage="c:\users\attfire1\desktop\encryptiontoolpractical\encryptiontoolunittests\bin\debug\encryptiontoolunittests.dll" id="eaf0f4ff-43e2-97fb-b0ce-5bcb05d0ff5c">
      <Execution id="c4fb90fe-7411-4d78-8a42-9ec9c82a7773" />
      <TestMethod codeBase="C:/Users/attfire1/Desktop/EncryptionToolPractical/EncryptionToolUnitTests/bin/Debug/EncryptionToolUnitTests.DLL" adapterTypeName="Microsoft.VisualStudio.TestTools.TestTypes.Unit.UnitTestAdapter, Microsoft.VisualStudio.QualityTools.Tips.UnitTest.Adapter, Version=10.0.0.0, Culture=neutral, PublicKeyToken=b03f5f7f11d50a3a" className="EncryptionToolUnitTests.PlainTextTest, EncryptionToolUnitTests, Version=1.0.0.0, Culture=neutral, PublicKeyToken=null" name="encryptTestPlainTextIntegers" />
    </UnitTest>
    <UnitTest name="TestMethod1" storage="c:\users\attfire1\desktop\encryptiontoolpractical\encryptiontoolunittests\bin\debug\encryptiontoolunittests.dll" id="3ef3097f-b5bd-22d1-f6b4-a6bc3aa75dc7">
      <Execution id="e977e772-f052-4eae-a8e6-6d51b52a8853" />
      <TestMethod codeBase="C:/Users/attfire1/Desktop/EncryptionToolPractical/EncryptionToolUnitTests/bin/Debug/EncryptionToolUnitTests.DLL" adapterTypeName="Microsoft.VisualStudio.TestTools.TestTypes.Unit.UnitTestAdapter, Microsoft.VisualStudio.QualityTools.Tips.UnitTest.Adapter, Version=10.0.0.0, Culture=neutral, PublicKeyToken=b03f5f7f11d50a3a" className="EncryptionToolUnitTests.UnitTest1, EncryptionToolUnitTests, Version=1.0.0.0, Culture=neutral, PublicKeyToken=null" name="TestMethod1" />
    </UnitTest>
    <UnitTest name="encryptTestPlainTextSpecialCharactersUpperCase" storage="c:\users\attfire1\desktop\encryptiontoolpractical\encryptiontoolunittests\bin\debug\encryptiontoolunittests.dll" id="80950f29-1b96-a944-2950-6b2e41b3edcd">
      <Execution id="0c1d6cba-f730-42ef-9428-045f2856e69e" />
      <TestMethod codeBase="C:/Users/attfire1/Desktop/EncryptionToolPractical/EncryptionToolUnitTests/bin/Debug/EncryptionToolUnitTests.DLL" adapterTypeName="Microsoft.VisualStudio.TestTools.TestTypes.Unit.UnitTestAdapter, Microsoft.VisualStudio.QualityTools.Tips.UnitTest.Adapter, Version=10.0.0.0, Culture=neutral, PublicKeyToken=b03f5f7f11d50a3a" className="EncryptionToolUnitTests.PlainTextTest, EncryptionToolUnitTests, Version=1.0.0.0, Culture=neutral, PublicKeyToken=null" name="encryptTestPlainTextSpecialCharactersUpperCase" />
    </UnitTest>
    <UnitTest name="encryptTestPlainTextSpecialCharactersUpperCase" storage="c:\users\attfire1\desktop\encryptiontoolpractical\encryptiontoolunittests\bin\debug\encryptiontoolunittests.dll" id="9e654961-fc9a-1e8f-4e2f-62fe6a9656fe">
      <Execution id="d43b1bcd-bb60-4f92-9883-20a4eb67d269" />
      <TestMethod codeBase="C:/Users/attfire1/Desktop/EncryptionToolPractical/EncryptionToolUnitTests/bin/Debug/EncryptionToolUnitTests.DLL" adapterTypeName="Microsoft.VisualStudio.TestTools.TestTypes.Unit.UnitTestAdapter, Microsoft.VisualStudio.QualityTools.Tips.UnitTest.Adapter, Version=10.0.0.0, Culture=neutral, PublicKeyToken=b03f5f7f11d50a3a" className="EncryptionToolUnitTests.Rot13Test, EncryptionToolUnitTests, Version=1.0.0.0, Culture=neutral, PublicKeyToken=null" name="encryptTestPlainTextSpecialCharactersUpperCase" />
    </UnitTest>
    <UnitTest name="encryptTestPlainTextSpecialCharactersLowerUpperCaseIntegers" storage="c:\users\attfire1\desktop\encryptiontoolpractical\encryptiontoolunittests\bin\debug\encryptiontoolunittests.dll" id="a6aa9e30-1b8f-286b-82f1-59e25e9ec428">
      <Execution id="dfcda63e-d727-4429-9518-83ffb4355f63" />
      <TestMethod codeBase="C:/Users/attfire1/Desktop/EncryptionToolPractical/EncryptionToolUnitTests/bin/Debug/EncryptionToolUnitTests.DLL" adapterTypeName="Microsoft.VisualStudio.TestTools.TestTypes.Unit.UnitTestAdapter, Microsoft.VisualStudio.QualityTools.Tips.UnitTest.Adapter, Version=10.0.0.0, Culture=neutral, PublicKeyToken=b03f5f7f11d50a3a" className="EncryptionToolUnitTests.PlainTextTest, EncryptionToolUnitTests, Version=1.0.0.0, Culture=neutral, PublicKeyToken=null" name="encryptTestPlainTextSpecialCharactersLowerUpperCaseIntegers" />
    </UnitTest>
    <UnitTest name="encryptTestPlainTextLowerCaseString" storage="c:\users\attfire1\desktop\encryptiontoolpractical\encryptiontoolunittests\bin\debug\encryptiontoolunittests.dll" id="6e9539dd-8e51-5b49-8148-04181ff00210">
      <Execution id="dbb88c12-e2fa-4cbe-9626-8ef9dbcc05de" />
      <TestMethod codeBase="C:/Users/attfire1/Desktop/EncryptionToolPractical/EncryptionToolUnitTests/bin/Debug/EncryptionToolUnitTests.DLL" adapterTypeName="Microsoft.VisualStudio.TestTools.TestTypes.Unit.UnitTestAdapter, Microsoft.VisualStudio.QualityTools.Tips.UnitTest.Adapter, Version=10.0.0.0, Culture=neutral, PublicKeyToken=b03f5f7f11d50a3a" className="EncryptionToolUnitTests.Rot13Test, EncryptionToolUnitTests, Version=1.0.0.0, Culture=neutral, PublicKeyToken=null" name="encryptTestPlainTextLowerCaseString" />
    </UnitTest>
    <UnitTest name="encryptTestPlainTextSpecialCharactersIntegers" storage="c:\users\attfire1\desktop\encryptiontoolpractical\encryptiontoolunittests\bin\debug\encryptiontoolunittests.dll" id="717383b3-c4ac-4058-a5cf-eb73041f63e4">
      <Execution id="9fe9f5ee-8c93-4dce-a08c-e91e30b35e2a" />
      <TestMethod codeBase="C:/Users/attfire1/Desktop/EncryptionToolPractical/EncryptionToolUnitTests/bin/Debug/EncryptionToolUnitTests.DLL" adapterTypeName="Microsoft.VisualStudio.TestTools.TestTypes.Unit.UnitTestAdapter, Microsoft.VisualStudio.QualityTools.Tips.UnitTest.Adapter, Version=10.0.0.0, Culture=neutral, PublicKeyToken=b03f5f7f11d50a3a" className="EncryptionToolUnitTests.Rot13Test, EncryptionToolUnitTests, Version=1.0.0.0, Culture=neutral, PublicKeyToken=null" name="encryptTestPlainTextSpecialCharactersIntegers" />
    </UnitTest>
    <UnitTest name="encryptTestPlainTextLowerCaseString" storage="c:\users\attfire1\desktop\encryptiontoolpractical\encryptiontoolunittests\bin\debug\encryptiontoolunittests.dll" id="aa648c71-6b40-309c-55e7-8f215617733d">
      <Execution id="ba0f210d-ef38-437d-a480-59c961679930" />
      <TestMethod codeBase="C:/Users/attfire1/Desktop/EncryptionToolPractical/EncryptionToolUnitTests/bin/Debug/EncryptionToolUnitTests.DLL" adapterTypeName="Microsoft.VisualStudio.TestTools.TestTypes.Unit.UnitTestAdapter, Microsoft.VisualStudio.QualityTools.Tips.UnitTest.Adapter, Version=10.0.0.0, Culture=neutral, PublicKeyToken=b03f5f7f11d50a3a" className="EncryptionToolUnitTests.PlainTextTest, EncryptionToolUnitTests, Version=1.0.0.0, Culture=neutral, PublicKeyToken=null" name="encryptTestPlainTextLowerCaseString" />
    </UnitTest>
    <UnitTest name="encryptTestPlainTextSpecialCharactersIntegers" storage="c:\users\attfire1\desktop\encryptiontoolpractical\encryptiontoolunittests\bin\debug\encryptiontoolunittests.dll" id="6128d3f0-5839-1e95-3fa7-2a94a2abdd5d">
      <Execution id="00b7ed82-aabf-4bd6-aae3-eb2b4720e738" />
      <TestMethod codeBase="C:/Users/attfire1/Desktop/EncryptionToolPractical/EncryptionToolUnitTests/bin/Debug/EncryptionToolUnitTests.DLL" adapterTypeName="Microsoft.VisualStudio.TestTools.TestTypes.Unit.UnitTestAdapter, Microsoft.VisualStudio.QualityTools.Tips.UnitTest.Adapter, Version=10.0.0.0, Culture=neutral, PublicKeyToken=b03f5f7f11d50a3a" className="EncryptionToolUnitTests.PlainTextTest, EncryptionToolUnitTests, Version=1.0.0.0, Culture=neutral, PublicKeyToken=null" name="encryptTestPlainTextSpecialCharactersIntegers" />
    </UnitTest>
    <UnitTest name="encryptTestPlainTextIntegersLowerCase" storage="c:\users\attfire1\desktop\encryptiontoolpractical\encryptiontoolunittests\bin\debug\encryptiontoolunittests.dll" id="d36387e9-1acc-3745-1fef-ab3c3e3cf4fb">
      <Execution id="0e8eab90-0834-4da7-80f9-7244c51ba683" />
      <TestMethod codeBase="C:/Users/attfire1/Desktop/EncryptionToolPractical/EncryptionToolUnitTests/bin/Debug/EncryptionToolUnitTests.DLL" adapterTypeName="Microsoft.VisualStudio.TestTools.TestTypes.Unit.UnitTestAdapter, Microsoft.VisualStudio.QualityTools.Tips.UnitTest.Adapter, Version=10.0.0.0, Culture=neutral, PublicKeyToken=b03f5f7f11d50a3a" className="EncryptionToolUnitTests.PlainTextTest, EncryptionToolUnitTests, Version=1.0.0.0, Culture=neutral, PublicKeyToken=null" name="encryptTestPlainTextIntegersLowerCase" />
    </UnitTest>
    <UnitTest name="encryptTestPlainTextIntegersLowerCase" storage="c:\users\attfire1\desktop\encryptiontoolpractical\encryptiontoolunittests\bin\debug\encryptiontoolunittests.dll" id="f6a184e6-157d-30f8-2437-4783ee6df649">
      <Execution id="50b3791a-ace4-457a-91d3-88c890af99ed" />
      <TestMethod codeBase="C:/Users/attfire1/Desktop/EncryptionToolPractical/EncryptionToolUnitTests/bin/Debug/EncryptionToolUnitTests.DLL" adapterTypeName="Microsoft.VisualStudio.TestTools.TestTypes.Unit.UnitTestAdapter, Microsoft.VisualStudio.QualityTools.Tips.UnitTest.Adapter, Version=10.0.0.0, Culture=neutral, PublicKeyToken=b03f5f7f11d50a3a" className="EncryptionToolUnitTests.Rot13Test, EncryptionToolUnitTests, Version=1.0.0.0, Culture=neutral, PublicKeyToken=null" name="encryptTestPlainTextIntegersLowerCase" />
    </UnitTest>
    <UnitTest name="encryptTestPlainTextIntegersLowerUpperCase" storage="c:\users\attfire1\desktop\encryptiontoolpractical\encryptiontoolunittests\bin\debug\encryptiontoolunittests.dll" id="1352df41-fea6-93b8-3ddf-20676472a218">
      <Execution id="119d91e7-88a1-414b-b614-ca5ed0242bf5" />
      <TestMethod codeBase="C:/Users/attfire1/Desktop/EncryptionToolPractical/EncryptionToolUnitTests/bin/Debug/EncryptionToolUnitTests.DLL" adapterTypeName="Microsoft.VisualStudio.TestTools.TestTypes.Unit.UnitTestAdapter, Microsoft.VisualStudio.QualityTools.Tips.UnitTest.Adapter, Version=10.0.0.0, Culture=neutral, PublicKeyToken=b03f5f7f11d50a3a" className="EncryptionToolUnitTests.PlainTextTest, EncryptionToolUnitTests, Version=1.0.0.0, Culture=neutral, PublicKeyToken=null" name="encryptTestPlainTextIntegersLowerUpperCase" />
    </UnitTest>
    <UnitTest name="encryptTestPlainTextIntegersUpperCase" storage="c:\users\attfire1\desktop\encryptiontoolpractical\encryptiontoolunittests\bin\debug\encryptiontoolunittests.dll" id="e2f558ad-a387-3f2f-cb66-f98d3fd56a4f">
      <Execution id="194ecb28-6d11-4d8b-b8db-08c05ddd7397" />
      <TestMethod codeBase="C:/Users/attfire1/Desktop/EncryptionToolPractical/EncryptionToolUnitTests/bin/Debug/EncryptionToolUnitTests.DLL" adapterTypeName="Microsoft.VisualStudio.TestTools.TestTypes.Unit.UnitTestAdapter, Microsoft.VisualStudio.QualityTools.Tips.UnitTest.Adapter, Version=10.0.0.0, Culture=neutral, PublicKeyToken=b03f5f7f11d50a3a" className="EncryptionToolUnitTests.PlainTextTest, EncryptionToolUnitTests, Version=1.0.0.0, Culture=neutral, PublicKeyToken=null" name="encryptTestPlainTextIntegersUpperCase" />
    </UnitTest>
    <UnitTest name="encryptTestPlainTextSpecialCharacters" storage="c:\users\attfire1\desktop\encryptiontoolpractical\encryptiontoolunittests\bin\debug\encryptiontoolunittests.dll" id="5d8b9596-f48e-7de1-5bf2-f9aa17dcca9e">
      <Execution id="dea3a766-115f-4286-9e7d-749dbf663fa5" />
      <TestMethod codeBase="C:/Users/attfire1/Desktop/EncryptionToolPractical/EncryptionToolUnitTests/bin/Debug/EncryptionToolUnitTests.DLL" adapterTypeName="Microsoft.VisualStudio.TestTools.TestTypes.Unit.UnitTestAdapter, Microsoft.VisualStudio.QualityTools.Tips.UnitTest.Adapter, Version=10.0.0.0, Culture=neutral, PublicKeyToken=b03f5f7f11d50a3a" className="EncryptionToolUnitTests.Rot13Test, EncryptionToolUnitTests, Version=1.0.0.0, Culture=neutral, PublicKeyToken=null" name="encryptTestPlainTextSpecialCharacters" />
    </UnitTest>
    <UnitTest name="encryptTestPlainTextIntegers" storage="c:\users\attfire1\desktop\encryptiontoolpractical\encryptiontoolunittests\bin\debug\encryptiontoolunittests.dll" id="67782681-e1c6-4d7d-f0af-b9f6fce9524c">
      <Execution id="714d2133-e5c9-4f98-a3f5-985ea70b5814" />
      <TestMethod codeBase="C:/Users/attfire1/Desktop/EncryptionToolPractical/EncryptionToolUnitTests/bin/Debug/EncryptionToolUnitTests.DLL" adapterTypeName="Microsoft.VisualStudio.TestTools.TestTypes.Unit.UnitTestAdapter, Microsoft.VisualStudio.QualityTools.Tips.UnitTest.Adapter, Version=10.0.0.0, Culture=neutral, PublicKeyToken=b03f5f7f11d50a3a" className="EncryptionToolUnitTests.Rot13Test, EncryptionToolUnitTests, Version=1.0.0.0, Culture=neutral, PublicKeyToken=null" name="encryptTestPlainTextIntegers" />
    </UnitTest>
  </TestDefinitions>
  <TestLists>
    <TestList name="Results Not in a List" id="8c84fa94-04c1-424b-9868-57a2d4851a1d" />
    <TestList name="All Loaded Results" id="19431567-8539-422a-85d7-44ee4e166bda" />
  </TestLists>
  <TestEntries>
    <TestEntry testId="1352df41-fea6-93b8-3ddf-20676472a218" executionId="119d91e7-88a1-414b-b614-ca5ed0242bf5" testListId="8c84fa94-04c1-424b-9868-57a2d4851a1d" />
    <TestEntry testId="27dec05e-042e-7e25-f482-c5347a0c3977" executionId="bf858f1e-5c6f-45a9-b604-b14585f289f4" testListId="8c84fa94-04c1-424b-9868-57a2d4851a1d" />
    <TestEntry testId="3ef3097f-b5bd-22d1-f6b4-a6bc3aa75dc7" executionId="e977e772-f052-4eae-a8e6-6d51b52a8853" testListId="8c84fa94-04c1-424b-9868-57a2d4851a1d" />
    <TestEntry testId="44db58b1-abce-eb9d-a51f-64105f53d62f" executionId="05b019f9-35b1-4162-b818-d2bc7e950dad" testListId="8c84fa94-04c1-424b-9868-57a2d4851a1d" />
    <TestEntry testId="593f6ecc-9f04-0b33-ed2a-590d151e0088" executionId="262b00f0-3be6-41c1-b2e6-b4306b884c25" testListId="8c84fa94-04c1-424b-9868-57a2d4851a1d" />
    <TestEntry testId="5a6fba21-1056-8efe-d8d5-520e35babac1" executionId="16a212d5-f901-4507-9227-10112503b151" testListId="8c84fa94-04c1-424b-9868-57a2d4851a1d" />
    <TestEntry testId="5d8b9596-f48e-7de1-5bf2-f9aa17dcca9e" executionId="dea3a766-115f-4286-9e7d-749dbf663fa5" testListId="8c84fa94-04c1-424b-9868-57a2d4851a1d" />
    <TestEntry testId="5e127f86-0394-c1f5-afda-7c85756e5966" executionId="4670d314-4267-4fed-aeed-80ceaf0262f5" testListId="8c84fa94-04c1-424b-9868-57a2d4851a1d" />
    <TestEntry testId="5fc3fd0f-5253-c062-79f5-0034d1a95608" executionId="9033dc5d-5e56-477c-b407-8453f7be458c" testListId="8c84fa94-04c1-424b-9868-57a2d4851a1d" />
    <TestEntry testId="6128d3f0-5839-1e95-3fa7-2a94a2abdd5d" executionId="00b7ed82-aabf-4bd6-aae3-eb2b4720e738" testListId="8c84fa94-04c1-424b-9868-57a2d4851a1d" />
    <TestEntry testId="67782681-e1c6-4d7d-f0af-b9f6fce9524c" executionId="714d2133-e5c9-4f98-a3f5-985ea70b5814" testListId="8c84fa94-04c1-424b-9868-57a2d4851a1d" />
    <TestEntry testId="6e9539dd-8e51-5b49-8148-04181ff00210" executionId="dbb88c12-e2fa-4cbe-9626-8ef9dbcc05de" testListId="8c84fa94-04c1-424b-9868-57a2d4851a1d" />
    <TestEntry testId="717383b3-c4ac-4058-a5cf-eb73041f63e4" executionId="9fe9f5ee-8c93-4dce-a08c-e91e30b35e2a" testListId="8c84fa94-04c1-424b-9868-57a2d4851a1d" />
    <TestEntry testId="7c3b75df-94de-bd33-3de0-0bdd2a5c856c" executionId="056794ce-f3cc-43b6-b4b9-8d7c9158d8d6" testListId="8c84fa94-04c1-424b-9868-57a2d4851a1d" />
    <TestEntry testId="80950f29-1b96-a944-2950-6b2e41b3edcd" executionId="0c1d6cba-f730-42ef-9428-045f2856e69e" testListId="8c84fa94-04c1-424b-9868-57a2d4851a1d" />
    <TestEntry testId="9e654961-fc9a-1e8f-4e2f-62fe6a9656fe" executionId="d43b1bcd-bb60-4f92-9883-20a4eb67d269" testListId="8c84fa94-04c1-424b-9868-57a2d4851a1d" />
    <TestEntry testId="a6aa9e30-1b8f-286b-82f1-59e25e9ec428" executionId="dfcda63e-d727-4429-9518-83ffb4355f63" testListId="8c84fa94-04c1-424b-9868-57a2d4851a1d" />
    <TestEntry testId="aa648c71-6b40-309c-55e7-8f215617733d" executionId="ba0f210d-ef38-437d-a480-59c961679930" testListId="8c84fa94-04c1-424b-9868-57a2d4851a1d" />
    <TestEntry testId="bd81480d-1ecc-d686-ebfa-6730c83b04ad" executionId="218b2a0f-4340-4cd0-be07-8e3bbd3e8575" testListId="8c84fa94-04c1-424b-9868-57a2d4851a1d" />
    <TestEntry testId="c0f724ad-914f-3dad-3c80-a3a39d912dbb" executionId="d0ed557f-5a56-4f16-8f90-7830995e7599" testListId="8c84fa94-04c1-424b-9868-57a2d4851a1d" />
    <TestEntry testId="ce7ca855-20e5-2b16-4071-5013b82fe03c" executionId="d4f76b7e-183e-421e-b397-d14509910525" testListId="8c84fa94-04c1-424b-9868-57a2d4851a1d" />
    <TestEntry testId="d36387e9-1acc-3745-1fef-ab3c3e3cf4fb" executionId="0e8eab90-0834-4da7-80f9-7244c51ba683" testListId="8c84fa94-04c1-424b-9868-57a2d4851a1d" />
    <TestEntry testId="e2f558ad-a387-3f2f-cb66-f98d3fd56a4f" executionId="194ecb28-6d11-4d8b-b8db-08c05ddd7397" testListId="8c84fa94-04c1-424b-9868-57a2d4851a1d" />
    <TestEntry testId="eaf0f4ff-43e2-97fb-b0ce-5bcb05d0ff5c" executionId="c4fb90fe-7411-4d78-8a42-9ec9c82a7773" testListId="8c84fa94-04c1-424b-9868-57a2d4851a1d" />
    <TestEntry testId="f6a184e6-157d-30f8-2437-4783ee6df649" executionId="50b3791a-ace4-457a-91d3-88c890af99ed" testListId="8c84fa94-04c1-424b-9868-57a2d4851a1d" />
  </TestEntries>
  <Results>
    <UnitTestResult executionId="119d91e7-88a1-414b-b614-ca5ed0242bf5" testId="1352df41-fea6-93b8-3ddf-20676472a218" testName="encryptTestPlainTextIntegersLowerUpperCase" computerName="D206-59042" duration="00:00:00.0102054" startTime="2014-03-15T00:16:03.1329694+13:00" endTime="2014-03-15T00:16:03.2709694+13:00" testType="13cdc9d9-ddb5-4fa4-a97d-d965ccfc6d4b" outcome="Passed" testListId="8c84fa94-04c1-424b-9868-57a2d4851a1d" relativeResultsDirectory="119d91e7-88a1-414b-b614-ca5ed0242bf5">
    </UnitTestResult>
    <UnitTestResult executionId="bf858f1e-5c6f-45a9-b604-b14585f289f4" testId="27dec05e-042e-7e25-f482-c5347a0c3977" testName="encryptTestPlainTextIntegersUpperCase" computerName="D206-59042" duration="00:00:00.0005711" startTime="2014-03-15T00:16:03.2729694+13:00" endTime="2014-03-15T00:16:03.2749694+13:00" testType="13cdc9d9-ddb5-4fa4-a97d-d965ccfc6d4b" outcome="Passed" testListId="8c84fa94-04c1-424b-9868-57a2d4851a1d" relativeResultsDirectory="bf858f1e-5c6f-45a9-b604-b14585f289f4">
    </UnitTestResult>
    <UnitTestResult executionId="e977e772-f052-4eae-a8e6-6d51b52a8853" testId="3ef3097f-b5bd-22d1-f6b4-a6bc3aa75dc7" testName="TestMethod1" computerName="D206-59042" duration="00:00:00.0001670" startTime="2014-03-15T00:16:03.2769694+13:00" endTime="2014-03-15T00:16:03.2789694+13:00" testType="13cdc9d9-ddb5-4fa4-a97d-d965ccfc6d4b" outcome="Passed" testListId="8c84fa94-04c1-424b-9868-57a2d4851a1d" relativeResultsDirectory="e977e772-f052-4eae-a8e6-6d51b52a8853">
    </UnitTestResult>
    <UnitTestResult executionId="05b019f9-35b1-4162-b818-d2bc7e950dad" testId="44db58b1-abce-eb9d-a51f-64105f53d62f" testName="encryptTestPlainTextSpecialCharacters" computerName="D206-59042" duration="00:00:00.0001844" startTime="2014-03-15T00:16:03.2809694+13:00" endTime="2014-03-15T00:16:03.2839694+13:00" testType="13cdc9d9-ddb5-4fa4-a97d-d965ccfc6d4b" outcome="Passed" testListId="8c84fa94-04c1-424b-9868-57a2d4851a1d" relativeResultsDirectory="05b019f9-35b1-4162-b818-d2bc7e950dad">
    </UnitTestResult>
    <UnitTestResult executionId="262b00f0-3be6-41c1-b2e6-b4306b884c25" testId="593f6ecc-9f04-0b33-ed2a-590d151e0088" testName="encryptTestPlainTextSpecialCharactersLowerUpperCaseIntegers" computerName="D206-59042" duration="00:00:00.0002055" startTime="2014-03-15T00:16:03.2849694+13:00" endTime="2014-03-15T00:16:03.2879694+13:00" testType="13cdc9d9-ddb5-4fa4-a97d-d965ccfc6d4b" outcome="Passed" testListId="8c84fa94-04c1-424b-9868-57a2d4851a1d" relativeResultsDirectory="262b00f0-3be6-41c1-b2e6-b4306b884c25">
    </UnitTestResult>
    <UnitTestResult executionId="16a212d5-f901-4507-9227-10112503b151" testId="5a6fba21-1056-8efe-d8d5-520e35babac1" testName="encryptTestPlainTextSpecialCharactersLowerCase" computerName="D206-59042" duration="00:00:00.0001844" startTime="2014-03-15T00:16:03.2889694+13:00" endTime="2014-03-15T00:16:03.2929694+13:00" testType="13cdc9d9-ddb5-4fa4-a97d-d965ccfc6d4b" outcome="Passed" testListId="8c84fa94-04c1-424b-9868-57a2d4851a1d" relativeResultsDirectory="16a212d5-f901-4507-9227-10112503b151">
    </UnitTestResult>
    <UnitTestResult executionId="dea3a766-115f-4286-9e7d-749dbf663fa5" testId="5d8b9596-f48e-7de1-5bf2-f9aa17dcca9e" testName="encryptTestPlainTextSpecialCharacters" computerName="D206-59042" duration="00:00:00.0001885" startTime="2014-03-15T00:16:03.2939694+13:00" endTime="2014-03-15T00:16:03.2959694+13:00" testType="13cdc9d9-ddb5-4fa4-a97d-d965ccfc6d4b" outcome="Passed" testListId="8c84fa94-04c1-424b-9868-57a2d4851a1d" relativeResultsDirectory="dea3a766-115f-4286-9e7d-749dbf663fa5">
    </UnitTestResult>
    <UnitTestResult executionId="4670d314-4267-4fed-aeed-80ceaf0262f5" testId="5e127f86-0394-c1f5-afda-7c85756e5966" testName="encryptTestPlainTextIntegersLowerUpperCase" computerName="D206-59042" duration="00:00:00.0001994" startTime="2014-03-15T00:16:03.2979694+13:00" endTime="2014-03-15T00:16:03.2999694+13:00" testType="13cdc9d9-ddb5-4fa4-a97d-d965ccfc6d4b" outcome="Passed" testListId="8c84fa94-04c1-424b-9868-57a2d4851a1d" relativeResultsDirectory="4670d314-4267-4fed-aeed-80ceaf0262f5">
    </UnitTestResult>
    <UnitTestResult executionId="9033dc5d-5e56-477c-b407-8453f7be458c" testId="5fc3fd0f-5253-c062-79f5-0034d1a95608" testName="encryptTestPlainTextSpecialCharactersLowerCase" computerName="D206-59042" duration="00:00:00.0001853" startTime="2014-03-15T00:16:03.3009694+13:00" endTime="2014-03-15T00:16:03.3029694+13:00" testType="13cdc9d9-ddb5-4fa4-a97d-d965ccfc6d4b" outcome="Passed" testListId="8c84fa94-04c1-424b-9868-57a2d4851a1d" relativeResultsDirectory="9033dc5d-5e56-477c-b407-8453f7be458c">
    </UnitTestResult>
    <UnitTestResult executionId="00b7ed82-aabf-4bd6-aae3-eb2b4720e738" testId="6128d3f0-5839-1e95-3fa7-2a94a2abdd5d" testName="encryptTestPlainTextSpecialCharactersIntegers" computerName="D206-59042" duration="00:00:00.0002036" startTime="2014-03-15T00:16:03.3039694+13:00" endTime="2014-03-15T00:16:03.3059694+13:00" testType="13cdc9d9-ddb5-4fa4-a97d-d965ccfc6d4b" outcome="Passed" testListId="8c84fa94-04c1-424b-9868-57a2d4851a1d" relativeResultsDirectory="00b7ed82-aabf-4bd6-aae3-eb2b4720e738">
    </UnitTestResult>
    <UnitTestResult executionId="714d2133-e5c9-4f98-a3f5-985ea70b5814" testId="67782681-e1c6-4d7d-f0af-b9f6fce9524c" testName="encryptTestPlainTextIntegers" computerName="D206-59042" duration="00:00:00.0002434" startTime="2014-03-15T00:16:03.3069694+13:00" endTime="2014-03-15T00:16:03.3089694+13:00" testType="13cdc9d9-ddb5-4fa4-a97d-d965ccfc6d4b" outcome="Passed" testListId="8c84fa94-04c1-424b-9868-57a2d4851a1d" relativeResultsDirectory="714d2133-e5c9-4f98-a3f5-985ea70b5814">
    </UnitTestResult>
    <UnitTestResult executionId="dbb88c12-e2fa-4cbe-9626-8ef9dbcc05de" testId="6e9539dd-8e51-5b49-8148-04181ff00210" testName="encryptTestPlainTextLowerCaseString" computerName="D206-59042" duration="00:00:00.0001972" startTime="2014-03-15T00:16:03.3109694+13:00" endTime="2014-03-15T00:16:03.3129694+13:00" testType="13cdc9d9-ddb5-4fa4-a97d-d965ccfc6d4b" outcome="Passed" testListId="8c84fa94-04c1-424b-9868-57a2d4851a1d" relativeResultsDirectory="dbb88c12-e2fa-4cbe-9626-8ef9dbcc05de">
    </UnitTestResult>
    <UnitTestResult executionId="9fe9f5ee-8c93-4dce-a08c-e91e30b35e2a" testId="717383b3-c4ac-4058-a5cf-eb73041f63e4" testName="encryptTestPlainTextSpecialCharactersIntegers" computerName="D206-59042" duration="00:00:00.0001696" startTime="2014-03-15T00:16:03.3139694+13:00" endTime="2014-03-15T00:16:03.3149694+13:00" testType="13cdc9d9-ddb5-4fa4-a97d-d965ccfc6d4b" outcome="Passed" testListId="8c84fa94-04c1-424b-9868-57a2d4851a1d" relativeResultsDirectory="9fe9f5ee-8c93-4dce-a08c-e91e30b35e2a">
    </UnitTestResult>
    <UnitTestResult executionId="056794ce-f3cc-43b6-b4b9-8d7c9158d8d6" testId="7c3b75df-94de-bd33-3de0-0bdd2a5c856c" testName="encryptTestPlainTextUpperCaseString" computerName="D206-59042" duration="00:00:00.0001866" startTime="2014-03-15T00:16:03.3159694+13:00" endTime="2014-03-15T00:16:03.3179694+13:00" testType="13cdc9d9-ddb5-4fa4-a97d-d965ccfc6d4b" outcome="Passed" testListId="8c84fa94-04c1-424b-9868-57a2d4851a1d" relativeResultsDirectory="056794ce-f3cc-43b6-b4b9-8d7c9158d8d6">
    </UnitTestResult>
    <UnitTestResult executionId="0c1d6cba-f730-42ef-9428-045f2856e69e" testId="80950f29-1b96-a944-2950-6b2e41b3edcd" testName="encryptTestPlainTextSpecialCharactersUpperCase" computerName="D206-59042" duration="00:00:00.0001978" startTime="2014-03-15T00:16:03.3189694+13:00" endTime="2014-03-15T00:16:03.3209694+13:00" testType="13cdc9d9-ddb5-4fa4-a97d-d965ccfc6d4b" outcome="Passed" testListId="8c84fa94-04c1-424b-9868-57a2d4851a1d" relativeResultsDirectory="0c1d6cba-f730-42ef-9428-045f2856e69e">
    </UnitTestResult>
    <UnitTestResult executionId="d43b1bcd-bb60-4f92-9883-20a4eb67d269" testId="9e654961-fc9a-1e8f-4e2f-62fe6a9656fe" testName="encryptTestPlainTextSpecialCharactersUpperCase" computerName="D206-59042" duration="00:00:00.0001879" startTime="2014-03-15T00:16:03.3219694+13:00" endTime="2014-03-15T00:16:03.3239694+13:00" testType="13cdc9d9-ddb5-4fa4-a97d-d965ccfc6d4b" outcome="Passed" testListId="8c84fa94-04c1-424b-9868-57a2d4851a1d" relativeResultsDirectory="d43b1bcd-bb60-4f92-9883-20a4eb67d269">
    </UnitTestResult>
    <UnitTestResult executionId="dfcda63e-d727-4429-9518-83ffb4355f63" testId="a6aa9e30-1b8f-286b-82f1-59e25e9ec428" testName="encryptTestPlainTextSpecialCharactersLowerUpperCaseIntegers" computerName="D206-59042" duration="00:00:00.0001869" startTime="2014-03-15T00:16:03.3249694+13:00" endTime="2014-03-15T00:16:03.3269694+13:00" testType="13cdc9d9-ddb5-4fa4-a97d-d965ccfc6d4b" outcome="Passed" testListId="8c84fa94-04c1-424b-9868-57a2d4851a1d" relativeResultsDirectory="dfcda63e-d727-4429-9518-83ffb4355f63">
    </UnitTestResult>
    <UnitTestResult executionId="ba0f210d-ef38-437d-a480-59c961679930" testId="aa648c71-6b40-309c-55e7-8f215617733d" testName="encryptTestPlainTextLowerCaseString" computerName="D206-59042" duration="00:00:00.0001786" startTime="2014-03-15T00:16:03.3279694+13:00" endTime="2014-03-15T00:16:03.3289694+13:00" testType="13cdc9d9-ddb5-4fa4-a97d-d965ccfc6d4b" outcome="Passed" testListId="8c84fa94-04c1-424b-9868-57a2d4851a1d" relativeResultsDirectory="ba0f210d-ef38-437d-a480-59c961679930">
    </UnitTestResult>
    <UnitTestResult executionId="218b2a0f-4340-4cd0-be07-8e3bbd3e8575" testId="bd81480d-1ecc-d686-ebfa-6730c83b04ad" testName="encryptTestPlainTextUpperCaseString" computerName="D206-59042" duration="00:00:00.0002238" startTime="2014-03-15T00:16:03.3309694+13:00" endTime="2014-03-15T00:16:03.3329694+13:00" testType="13cdc9d9-ddb5-4fa4-a97d-d965ccfc6d4b" outcome="Passed" testListId="8c84fa94-04c1-424b-9868-57a2d4851a1d" relativeResultsDirectory="218b2a0f-4340-4cd0-be07-8e3bbd3e8575">
    </UnitTestResult>
    <UnitTestResult executionId="d0ed557f-5a56-4f16-8f90-7830995e7599" testId="c0f724ad-914f-3dad-3c80-a3a39d912dbb" testName="encryptTestPlainTextSpecialCharactersLowerUpperCase" computerName="D206-59042" duration="00:00:00.0001860" startTime="2014-03-15T00:16:03.3339694+13:00" endTime="2014-03-15T00:16:03.3359694+13:00" testType="13cdc9d9-ddb5-4fa4-a97d-d965ccfc6d4b" outcome="Passed" testListId="8c84fa94-04c1-424b-9868-57a2d4851a1d" relativeResultsDirectory="d0ed557f-5a56-4f16-8f90-7830995e7599">
    </UnitTestResult>
    <UnitTestResult executionId="d4f76b7e-183e-421e-b397-d14509910525" testId="ce7ca855-20e5-2b16-4071-5013b82fe03c" testName="encryptTestPlainTextSpecialCharactersLowerUpperCase" computerName="D206-59042" duration="00:00:00.0001917" startTime="2014-03-15T00:16:03.3379694+13:00" endTime="2014-03-15T00:16:03.3389694+13:00" testType="13cdc9d9-ddb5-4fa4-a97d-d965ccfc6d4b" outcome="Passed" testListId="8c84fa94-04c1-424b-9868-57a2d4851a1d" relativeResultsDirectory="d4f76b7e-183e-421e-b397-d14509910525">
    </UnitTestResult>
    <UnitTestResult executionId="0e8eab90-0834-4da7-80f9-7244c51ba683" testId="d36387e9-1acc-3745-1fef-ab3c3e3cf4fb" testName="encryptTestPlainTextIntegersLowerCase" computerName="D206-59042" duration="00:00:00.0001869" startTime="2014-03-15T00:16:03.3399694+13:00" endTime="2014-03-15T00:16:03.3419694+13:00" testType="13cdc9d9-ddb5-4fa4-a97d-d965ccfc6d4b" outcome="Passed" testListId="8c84fa94-04c1-424b-9868-57a2d4851a1d" relativeResultsDirectory="0e8eab90-0834-4da7-80f9-7244c51ba683">
    </UnitTestResult>
    <UnitTestResult executionId="194ecb28-6d11-4d8b-b8db-08c05ddd7397" testId="e2f558ad-a387-3f2f-cb66-f98d3fd56a4f" testName="encryptTestPlainTextIntegersUpperCase" computerName="D206-59042" duration="00:00:00.0001924" startTime="2014-03-15T00:16:03.3439694+13:00" endTime="2014-03-15T00:16:03.3459694+13:00" testType="13cdc9d9-ddb5-4fa4-a97d-d965ccfc6d4b" outcome="Passed" testListId="8c84fa94-04c1-424b-9868-57a2d4851a1d" relativeResultsDirectory="194ecb28-6d11-4d8b-b8db-08c05ddd7397">
    </UnitTestResult>
    <UnitTestResult executionId="c4fb90fe-7411-4d78-8a42-9ec9c82a7773" testId="eaf0f4ff-43e2-97fb-b0ce-5bcb05d0ff5c" testName="encryptTestPlainTextIntegers" computerName="D206-59042" duration="00:00:00.0001930" startTime="2014-03-15T00:16:03.3509694+13:00" endTime="2014-03-15T00:16:03.3549694+13:00" testType="13cdc9d9-ddb5-4fa4-a97d-d965ccfc6d4b" outcome="Passed" testListId="8c84fa94-04c1-424b-9868-57a2d4851a1d" relativeResultsDirectory="c4fb90fe-7411-4d78-8a42-9ec9c82a7773">
    </UnitTestResult>
    <UnitTestResult executionId="50b3791a-ace4-457a-91d3-88c890af99ed" testId="f6a184e6-157d-30f8-2437-4783ee6df649" testName="encryptTestPlainTextIntegersLowerCase" computerName="D206-59042" duration="00:00:00.0001840" startTime="2014-03-15T00:16:03.3559694+13:00" endTime="2014-03-15T00:16:03.3579694+13:00" testType="13cdc9d9-ddb5-4fa4-a97d-d965ccfc6d4b" outcome="Passed" testListId="8c84fa94-04c1-424b-9868-57a2d4851a1d" relativeResultsDirectory="50b3791a-ace4-457a-91d3-88c890af99ed">
    </UnitTestResult>
  </Results>
</TestRun>